{"timestamp":"2026-08-09T14:19:05.343071","level":"info","event":"DAG bundles loaded: dags-folder","logger":"airflow.dag_processing.bundles.manager.DagBundlesManager"}
{"timestamp":"2026-08-09T14:19:05.346435","level":"info","event":"Filling up the DagBag from /opt/airflow/dags/zomato_batch.py","logger":"airflow.models.dagbag.DagBag"}
{"timestamp":"2026-08-09T14:19:05.951986","level":"info","event":"Tmp dir root location: /tmp","logger":"airflow.task.hooks.airflow.providers.standard.hooks.subprocess.SubprocessHook"}
{"timestamp":"2026-08-09T14:19:05.955137","level":"info","event":"Running command: ['/usr/bin/bash', '-c', '/opt/airflow/dbt_venv/bin/dbt build --select tag:ai --project-dir /opt/airflow/dbt/zomato --profiles-dir /opt/airflow/dbt/zomato']","logger":"airflow.task.hooks.airflow.providers.standard.hooks.subprocess.SubprocessHook"}
{"timestamp":"2026-08-09T14:19:05.965856","level":"info","event":"Output:","logger":"airflow.task.hooks.airflow.providers.standard.hooks.subprocess.SubprocessHook"}
{"timestamp":"2026-08-09T14:19:07.692985","level":"info","event":"\u001b[0m14:19:07  Running with dbt=1.12.0","logger":"airflow.task.hooks.airflow.providers.standard.hooks.subprocess.SubprocessHook"}
{"timestamp":"2026-08-09T14:19:08.101752","level":"info","event":"\u001b[0m14:19:08  Registered adapter: snowflake=1.8.4","logger":"airflow.task.hooks.airflow.providers.standard.hooks.subprocess.SubprocessHook"}
{"timestamp":"2026-08-09T14:19:08.399380","level":"info","event":"\u001b[0m14:19:08  [\u001b[33mWARNING\u001b[0m]: Configuration paths exist in your dbt_project.yml file which do not apply to any resources.","logger":"airflow.task.hooks.airflow.providers.standard.hooks.subprocess.SubprocessHook"}
{"timestamp":"2026-08-09T14:19:08.399776","level":"info","event":"There are 1 unused configuration paths:","logger":"airflow.task.hooks.airflow.providers.standard.hooks.subprocess.SubprocessHook"}
{"timestamp":"2026-08-09T14:19:08.399834","level":"info","event":"- models.snapshot.zomato","logger":"airflow.task.hooks.airflow.providers.standard.hooks.subprocess.SubprocessHook"}
{"timestamp":"2026-08-09T14:19:08.527406","level":"info","event":"\u001b[0m14:19:08  Found 17 models, 16 data tests, 8 sources, 506 macros","logger":"airflow.task.hooks.airflow.providers.standard.hooks.subprocess.SubprocessHook"}
{"timestamp":"2026-08-09T14:19:08.528869","level":"info","event":"\u001b[0m14:19:08","logger":"airflow.task.hooks.airflow.providers.standard.hooks.subprocess.SubprocessHook"}
{"timestamp":"2026-08-09T14:19:08.529201","level":"info","event":"\u001b[0m14:19:08  Concurrency: 8 threads (target='dev')","logger":"airflow.task.hooks.airflow.providers.standard.hooks.subprocess.SubprocessHook"}
{"timestamp":"2026-08-09T14:19:08.529490","level":"info","event":"\u001b[0m14:19:08","logger":"airflow.task.hooks.airflow.providers.standard.hooks.subprocess.SubprocessHook"}
{"timestamp":"2026-08-09T14:19:13.578043","level":"info","event":"\u001b[0m14:19:13  1 of 1 START sql table model marts.mart_review_insights ........................ [RUN]","logger":"airflow.task.hooks.airflow.providers.standard.hooks.subprocess.SubprocessHook"}
{"timestamp":"2026-08-09T14:19:16.809138","level":"info","event":"\u001b[0m14:19:16  1 of 1 OK created sql table model marts.mart_review_insights ................... [\u001b[32mSUCCESS 1\u001b[0m in 3.23s]","logger":"airflow.task.hooks.airflow.providers.standard.hooks.subprocess.SubprocessHook"}
{"timestamp":"2026-08-09T14:19:16.813822","level":"info","event":"\u001b[0m14:19:16","logger":"airflow.task.hooks.airflow.providers.standard.hooks.subprocess.SubprocessHook"}
{"timestamp":"2026-08-09T14:19:16.814246","level":"info","event":"\u001b[0m14:19:16  Finished running 1 table model in 0 hours 0 minutes and 8.28 seconds (8.28s).","logger":"airflow.task.hooks.airflow.providers.standard.hooks.subprocess.SubprocessHook"}
{"timestamp":"2026-08-09T14:19:16.886444","level":"info","event":"\u001b[0m14:19:16","logger":"airflow.task.hooks.airflow.providers.standard.hooks.subprocess.SubprocessHook"}
{"timestamp":"2026-08-09T14:19:16.887018","level":"info","event":"\u001b[0m14:19:16  \u001b[32mCompleted successfully\u001b[0m","logger":"airflow.task.hooks.airflow.providers.standard.hooks.subprocess.SubprocessHook"}
{"timestamp":"2026-08-09T14:19:16.887369","level":"info","event":"\u001b[0m14:19:16","logger":"airflow.task.hooks.airflow.providers.standard.hooks.subprocess.SubprocessHook"}
{"timestamp":"2026-08-09T14:19:16.888400","level":"info","event":"\u001b[0m14:19:16  Done. PASS=1 WARN=0 ERROR=0 SKIP=0 NO-OP=0 REUSED=0 TOTAL=1","logger":"airflow.task.hooks.airflow.providers.standard.hooks.subprocess.SubprocessHook"}
{"timestamp":"2026-08-09T14:19:18.300594","level":"info","event":"Command exited with return code 0","logger":"airflow.task.hooks.airflow.providers.standard.hooks.subprocess.SubprocessHook"}
{"timestamp":"2026-08-09T14:19:18.312650","level":"info","event":"Pushing xcom","ti":"RuntimeTaskInstance(id=UUID('019fe6e3-08c9-7292-b309-e38af62c8929'), task_id='dbt_build_ai', dag_id='zomato_batch', run_id='manual__2026-08-09T14:17:46.414085+00:00', try_number=1, map_index=-1, hostname='1048ebfbaff1', context_carrier=None, task=<Task(BashOperator): dbt_build_ai>, bundle_instance=LocalDagBundle(name=dags-folder), max_tries=0, start_date=datetime.datetime(2026, 8, 9, 14, 19, 5, 234719, tzinfo=datetime.timezone.utc), end_date=None, state=<TaskInstanceState.RUNNING: 'running'>, is_mapped=False, rendered_map_index=None, log_url='http://localhost:8080/dags/zomato_batch/runs/manual__2026-08-09T14%3A17%3A46.414085%2B00%3A00/tasks/dbt_build_ai?try_number=1')","logger":"task"}
