{"timestamp":"2026-08-09T14:18:42.226318","level":"info","event":"DAG bundles loaded: dags-folder","logger":"airflow.dag_processing.bundles.manager.DagBundlesManager"}
{"timestamp":"2026-08-09T14:18:42.228829","level":"info","event":"Filling up the DagBag from /opt/airflow/dags/zomato_batch.py","logger":"airflow.models.dagbag.DagBag"}
{"timestamp":"2026-08-09T14:18:42.292297","level":"info","event":"Tmp dir root location: /tmp","logger":"airflow.task.hooks.airflow.providers.standard.hooks.subprocess.SubprocessHook"}
{"timestamp":"2026-08-09T14:18:42.293736","level":"info","event":"Running command: ['/usr/bin/bash', '-c', 'python /opt/airflow/ai/enrich_reviews.py']","logger":"airflow.task.hooks.airflow.providers.standard.hooks.subprocess.SubprocessHook"}
{"timestamp":"2026-08-09T14:18:42.302506","level":"info","event":"Output:","logger":"airflow.task.hooks.airflow.providers.standard.hooks.subprocess.SubprocessHook"}
{"timestamp":"2026-08-09T14:19:04.599444","level":"info","event":"","logger":"airflow.task.hooks.airflow.providers.standard.hooks.subprocess.SubprocessHook"}
{"timestamp":"2026-08-09T14:19:04.601046","level":"info","event":"Enriching 5 reviews...","logger":"airflow.task.hooks.airflow.providers.standard.hooks.subprocess.SubprocessHook"}
{"timestamp":"2026-08-09T14:19:04.601288","level":"info","event":"","logger":"airflow.task.hooks.airflow.providers.standard.hooks.subprocess.SubprocessHook"}
{"timestamp":"2026-08-09T14:19:04.601494","level":"info","event":"Classifying Review 6","logger":"airflow.task.hooks.airflow.providers.standard.hooks.subprocess.SubprocessHook"}
{"timestamp":"2026-08-09T14:19:04.601722","level":"info","event":"{'sentiment_label': 'negative', 'sentiment_score': -0.8, 'topic': 'packaging', 'key_issue': 'gravy spilled in bag'}","logger":"airflow.task.hooks.airflow.providers.standard.hooks.subprocess.SubprocessHook"}
{"timestamp":"2026-08-09T14:19:04.602034","level":"info","event":"Classifying Review 7","logger":"airflow.task.hooks.airflow.providers.standard.hooks.subprocess.SubprocessHook"}
{"timestamp":"2026-08-09T14:19:04.602218","level":"info","event":"{'sentiment_label': 'positive', 'sentiment_score': 0.95, 'topic': 'food quality', 'key_issue': None}","logger":"airflow.task.hooks.airflow.providers.standard.hooks.subprocess.SubprocessHook"}
{"timestamp":"2026-08-09T14:19:04.602453","level":"info","event":"Classifying Review 8","logger":"airflow.task.hooks.airflow.providers.standard.hooks.subprocess.SubprocessHook"}
{"timestamp":"2026-08-09T14:19:04.602608","level":"info","event":"{'sentiment_label': 'negative', 'sentiment_score': -0.9, 'topic': 'food quality', 'key_issue': 'poor food quality and expensive'}","logger":"airflow.task.hooks.airflow.providers.standard.hooks.subprocess.SubprocessHook"}
{"timestamp":"2026-08-09T14:19:04.602892","level":"info","event":"Classifying Review 9","logger":"airflow.task.hooks.airflow.providers.standard.hooks.subprocess.SubprocessHook"}
{"timestamp":"2026-08-09T14:19:04.603072","level":"info","event":"{'sentiment_label': 'neutral', 'sentiment_score': 0.0, 'topic': 'other', 'key_issue': None}","logger":"airflow.task.hooks.airflow.providers.standard.hooks.subprocess.SubprocessHook"}
{"timestamp":"2026-08-09T14:19:04.603205","level":"info","event":"Classifying Review 10","logger":"airflow.task.hooks.airflow.providers.standard.hooks.subprocess.SubprocessHook"}
{"timestamp":"2026-08-09T14:19:04.603331","level":"info","event":"{'sentiment_label': 'positive', 'sentiment_score': 0.95, 'topic': 'food quality', 'key_issue': None}","logger":"airflow.task.hooks.airflow.providers.standard.hooks.subprocess.SubprocessHook"}
{"timestamp":"2026-08-09T14:19:04.603412","level":"info","event":"","logger":"airflow.task.hooks.airflow.providers.standard.hooks.subprocess.SubprocessHook"}
{"timestamp":"2026-08-09T14:19:04.603501","level":"info","event":"Saving 5 enriched reviews to Snowflake...","logger":"airflow.task.hooks.airflow.providers.standard.hooks.subprocess.SubprocessHook"}
{"timestamp":"2026-08-09T14:19:04.603621","level":"info","event":"","logger":"airflow.task.hooks.airflow.providers.standard.hooks.subprocess.SubprocessHook"}
{"timestamp":"2026-08-09T14:19:04.603746","level":"info","event":"","logger":"airflow.task.hooks.airflow.providers.standard.hooks.subprocess.SubprocessHook"}
{"timestamp":"2026-08-09T14:19:04.603849","level":"info","event":"Saved 5 reviews successfully.","logger":"airflow.task.hooks.airflow.providers.standard.hooks.subprocess.SubprocessHook"}
{"timestamp":"2026-08-09T14:19:04.921926","level":"info","event":"Command exited with return code 0","logger":"airflow.task.hooks.airflow.providers.standard.hooks.subprocess.SubprocessHook"}
{"timestamp":"2026-08-09T14:19:04.936616","level":"info","event":"Pushing xcom","ti":"RuntimeTaskInstance(id=UUID('019fe6e3-08c8-7ee0-8ecb-9efa2805e05c'), task_id='enrich_reviews', dag_id='zomato_batch', run_id='manual__2026-08-09T14:17:46.414085+00:00', try_number=1, map_index=-1, hostname='1048ebfbaff1', context_carrier=None, task=<Task(BashOperator): enrich_reviews>, bundle_instance=LocalDagBundle(name=dags-folder), max_tries=0, start_date=datetime.datetime(2026, 8, 9, 14, 18, 42, 86619, tzinfo=datetime.timezone.utc), end_date=None, state=<TaskInstanceState.RUNNING: 'running'>, is_mapped=False, rendered_map_index=None, log_url='http://localhost:8080/dags/zomato_batch/runs/manual__2026-08-09T14%3A17%3A46.414085%2B00%3A00/tasks/enrich_reviews?try_number=1')","logger":"task"}
