[0m13:32:58.913727 [debug] [MainThread]: Sending event: {'category': 'dbt', 'action': 'invocation', 'label': 'start', 'context': [<snowplow_tracker.self_describing_json.SelfDescribingJson object at 0x10a120830>, <snowplow_tracker.self_describing_json.SelfDescribingJson object at 0x10b6cad50>, <snowplow_tracker.self_describing_json.SelfDescribingJson object at 0x10b6cafd0>]}


============================== 13:32:58.916947 | cfcd10ad-386c-42ad-bb67-e294bf5eed55 ==============================
[0m13:32:58.916947 [info ] [MainThread]: Running with dbt=1.12.0
[0m13:32:58.917288 [debug] [MainThread]: running dbt with arguments {'maximum_seed_size_mib': '1', 'profiles_dir': '/Users/harshkumar/.dbt', 'warn_error': 'None', 'static_parser': 'True', 'hints_enabled': 'True', 'use_experimental_parser': 'False', 'write_json': 'True', 'introspect': 'True', 'printer_width': '80', 'cache_selected_only': 'False', 'quiet': 'False', 'invocation_command': 'dbt init zomato', 'warn_error_options': 'WarnErrorOptionsV2(error=[], warn=[], silence=[])', 'log_path': 'logs', 'version_check': 'True', 'empty': 'None', 'fail_fast': 'False', 'send_anonymous_usage_stats': 'True', 'indirect_selection': 'eager', 'debug': 'False', 'target_path': 'None', 'partial_parse': 'True', 'log_format': 'default', 'no_print': 'None', 'use_colors': 'True', 'log_cache_events': 'False'}
[0m13:32:58.927201 [info ] [MainThread]: Creating dbt configuration folder at /Users/harshkumar/.dbt
[0m13:32:58.928474 [debug] [MainThread]: Starter project path: /Library/Frameworks/Python.framework/Versions/3.14/lib/python3.14/site-packages/dbt/include/starter_project
[0m13:32:58.937666 [info ] [MainThread]: Setting up your profile.
[0m13:33:17.819557 [debug] [MainThread]: Snowflake adapter: Setting snowflake.connector to ERROR (file logging only)
[0m13:33:17.820065 [debug] [MainThread]: Snowflake adapter: Setting botocore to ERROR (file logging only)
[0m13:33:17.820240 [debug] [MainThread]: Snowflake adapter: Setting boto3 to ERROR (file logging only)
[0m13:41:40.176833 [info ] [MainThread]: Profile zomato written to /Users/harshkumar/.dbt/profiles.yml using target's profile_template.yml and your supplied values.
[0m13:41:40.196430 [info ] [MainThread]: Running dbt debug to validate the project...
[0m13:41:40.198321 [info ] [MainThread]: dbt version: 1.12.0
[0m13:41:40.198656 [info ] [MainThread]: python version: 3.14.0
[0m13:41:40.198933 [info ] [MainThread]: python path: /Library/Frameworks/Python.framework/Versions/3.14/bin/python3
[0m13:41:40.199216 [info ] [MainThread]: os info: macOS-26.5.1-arm64-arm-64bit-Mach-O
[0m13:41:40.256546 [info ] [MainThread]: Using profiles dir at /Users/harshkumar/.dbt
[0m13:41:40.256837 [info ] [MainThread]: Using profiles.yml file at /Users/harshkumar/.dbt/profiles.yml
[0m13:41:40.256991 [info ] [MainThread]: Using dbt_project.yml file at /Users/harshkumar/Desktop/ai_data_a/zomato/dbt_project.yml
[0m13:41:40.258167 [info ] [MainThread]: adapter type: snowflake
[0m13:41:40.258359 [info ] [MainThread]: adapter version: 1.12.0
[0m13:41:40.313953 [info ] [MainThread]: Configuration:
[0m13:41:40.314295 [info ] [MainThread]:   profiles.yml file [[32mOK found and valid[0m]
[0m13:41:40.314488 [info ] [MainThread]:   dbt_project.yml file [[32mOK found and valid[0m]
[0m13:41:40.314633 [info ] [MainThread]: Required dependencies:
[0m13:41:40.314912 [debug] [MainThread]: Executing "git --help"
[0m13:41:40.326505 [debug] [MainThread]: STDOUT: "b"usage: git [-v | --version] [-h | --help] [-C <path>] [-c <name>=<value>]\n           [--exec-path[=<path>]] [--html-path] [--man-path] [--info-path]\n           [-p | --paginate | -P | --no-pager] [--no-replace-objects] [--no-lazy-fetch]\n           [--no-optional-locks] [--no-advice] [--bare] [--git-dir=<path>]\n           [--work-tree=<path>] [--namespace=<name>] [--config-env=<name>=<envvar>]\n           <command> [<args>]\n\nThese are common Git commands used in various situations:\n\nstart a working area (see also: git help tutorial)\n   clone      Clone a repository into a new directory\n   init       Create an empty Git repository or reinitialize an existing one\n\nwork on the current change (see also: git help everyday)\n   add        Add file contents to the index\n   mv         Move or rename a file, a directory, or a symlink\n   restore    Restore working tree files\n   rm         Remove files from the working tree and from the index\n\nexamine the history and state (see also: git help revisions)\n   bisect     Use binary search to find the commit that introduced a bug\n   diff       Show changes between commits, commit and working tree, etc\n   grep       Print lines matching a pattern\n   log        Show commit logs\n   show       Show various types of objects\n   status     Show the working tree status\n\ngrow, mark and tweak your common history\n   backfill   Download missing objects in a partial clone\n   branch     List, create, or delete branches\n   commit     Record changes to the repository\n   merge      Join two or more development histories together\n   rebase     Reapply commits on top of another base tip\n   reset      Reset current HEAD to the specified state\n   switch     Switch branches\n   tag        Create, list, delete or verify tags\n\ncollaborate (see also: git help workflows)\n   fetch      Download objects and refs from another repository\n   pull       Fetch from and integrate with another repository or a local branch\n   push       Update remote refs along with associated objects\n\n'git help -a' and 'git help -g' list available subcommands and some\nconcept guides. See 'git help <command>' or 'git help <concept>'\nto read about a specific subcommand or concept.\nSee 'git help git' for an overview of the system.\n""
[0m13:41:40.327117 [debug] [MainThread]: STDERR: "b''"
[0m13:41:40.327322 [info ] [MainThread]:  - git [[32mOK found[0m]

[0m13:41:40.327499 [info ] [MainThread]: Connection:
[0m13:41:40.327678 [info ] [MainThread]:   account: VFJMJNN-CO57851
[0m13:41:40.327813 [info ] [MainThread]:   user: HARSHKUMARENGINEER05
[0m13:41:40.327938 [info ] [MainThread]:   database: ZOMATO_WH
[0m13:41:40.328063 [info ] [MainThread]:   warehouse: ZOMATO_WH
[0m13:41:40.328184 [info ] [MainThread]:   role: DBT_ROLE
[0m13:41:40.328305 [info ] [MainThread]:   schema: STAGING
[0m13:41:40.328428 [info ] [MainThread]:   authenticator: None
[0m13:41:40.328549 [info ] [MainThread]:   oauth_client_id: None
[0m13:41:40.328668 [info ] [MainThread]:   query_tag: None
[0m13:41:40.328791 [info ] [MainThread]:   client_session_keep_alive: False
[0m13:41:40.328911 [info ] [MainThread]:   host: None
[0m13:41:40.329030 [info ] [MainThread]:   port: None
[0m13:41:40.329150 [info ] [MainThread]:   proxy_host: None
[0m13:41:40.329267 [info ] [MainThread]:   proxy_port: None
[0m13:41:40.329383 [info ] [MainThread]:   protocol: None
[0m13:41:40.329503 [info ] [MainThread]:   connect_retries: 1
[0m13:41:40.329623 [info ] [MainThread]:   connect_timeout: None
[0m13:41:40.329739 [info ] [MainThread]:   retry_on_database_errors: False
[0m13:41:40.329859 [info ] [MainThread]:   retry_all: False
[0m13:41:40.329976 [info ] [MainThread]:   insecure_mode: False
[0m13:41:40.330090 [info ] [MainThread]:   reuse_connections: True
[0m13:41:40.330209 [info ] [MainThread]:   s3_stage_vpce_dns_name: None
[0m13:41:40.330325 [info ] [MainThread]:   workload_identity_provider: None
[0m13:41:40.330442 [info ] [MainThread]:   workload_identity_entra_resource: None
[0m13:41:40.330754 [info ] [MainThread]:   platform_detection_timeout_seconds: 0.0
[0m13:41:40.331443 [info ] [MainThread]: Registered adapter: snowflake=1.12.0
[0m13:41:40.438278 [debug] [MainThread]: Acquiring new snowflake connection 'debug'
[0m13:41:40.440266 [debug] [MainThread]: Using snowflake connection "debug"
[0m13:41:40.440457 [debug] [MainThread]: On debug: select 1 as id
[0m13:41:40.440617 [debug] [MainThread]: Opening a new connection, currently in state init
[0m13:41:45.363292 [debug] [MainThread]: SQL status: SUCCESS 1 in 4.922 seconds
[0m13:41:45.367173 [info ] [MainThread]:   Connection test: [[32mOK connection ok[0m]

[0m13:41:45.367955 [info ] [MainThread]: [32mAll checks passed![0m
[0m13:41:45.368896 [info ] [MainThread]: Your new dbt project "zomato" was created!
Initialized new project in /Users/harshkumar/Desktop/ai_data_a/zomato/zomato

For more information on how to configure the profiles.yml file,
please consult the dbt documentation here:

  https://docs.getdbt.com/docs/configure-your-profile

One more thing:

Need help? Don't hesitate to reach out to us via GitHub issues or on Slack:

  https://community.getdbt.com/

Happy modeling!

[0m13:41:45.447311 [debug] [MainThread]: Resource report: {"command_name": "init", "command_success": true, "command_wall_clock_time": 526.60144, "process_in_blocks": "0", "process_kernel_time": 0.667833, "process_mem_max_rss": "249413632", "process_out_blocks": "0", "process_user_time": 2.231798}
[0m13:41:45.448776 [debug] [MainThread]: Command `dbt init` succeeded at 13:41:45.448537 after 526.60 seconds
[0m13:41:45.449438 [debug] [MainThread]: Connection 'debug' was left open.
[0m13:41:45.449745 [debug] [MainThread]: On debug: Close
[0m13:41:46.475665 [debug] [MainThread]: Sending event: {'category': 'dbt', 'action': 'invocation', 'label': 'end', 'context': [<snowplow_tracker.self_describing_json.SelfDescribingJson object at 0x10b7583e0>, <snowplow_tracker.self_describing_json.SelfDescribingJson object at 0x108052570>, <snowplow_tracker.self_describing_json.SelfDescribingJson object at 0x115f169c0>]}
[0m13:41:46.476665 [debug] [MainThread]: Flushing usage events
[0m13:41:50.556471 [debug] [MainThread]: An error was encountered while trying to flush usage events
[0m13:54:20.054827 [debug] [MainThread]: Sending event: {'category': 'dbt', 'action': 'invocation', 'label': 'start', 'context': [<snowplow_tracker.self_describing_json.SelfDescribingJson object at 0x109c9c830>, <snowplow_tracker.self_describing_json.SelfDescribingJson object at 0x10b27aad0>, <snowplow_tracker.self_describing_json.SelfDescribingJson object at 0x10b27ad50>]}


============================== 13:54:20.058163 | b74984f3-67a3-40c8-af8c-38627f3930b5 ==============================
[0m13:54:20.058163 [info ] [MainThread]: Running with dbt=1.12.0
[0m13:54:20.058529 [debug] [MainThread]: running dbt with arguments {'warn_error_options': 'WarnErrorOptionsV2(error=[], warn=[], silence=[])', 'use_experimental_parser': 'False', 'quiet': 'False', 'send_anonymous_usage_stats': 'True', 'introspect': 'True', 'target_path': 'None', 'version_check': 'True', 'cache_selected_only': 'False', 'write_json': 'True', 'log_path': 'logs', 'log_cache_events': 'False', 'hints_enabled': 'True', 'printer_width': '80', 'warn_error': 'None', 'use_colors': 'True', 'invocation_command': 'dbt run --select staging', 'static_parser': 'True', 'no_print': 'None', 'log_format': 'default', 'debug': 'False', 'empty': 'False', 'maximum_seed_size_mib': '1', 'indirect_selection': 'eager', 'fail_fast': 'False', 'profiles_dir': '/Users/harshkumar/.dbt', 'partial_parse': 'True'}
[0m13:54:20.058892 [error] [MainThread]: [[31mERROR[0m]: Encountered an error:
Runtime Error
  No dbt_project.yml found at expected path /Users/harshkumar/Desktop/ai_data_a/dbt_project.yml
  Verify that each entry within packages.yml (and their transitive dependencies) contains a file named dbt_project.yml
  
[0m13:54:20.061240 [debug] [MainThread]: Resource report: {"command_name": "run", "command_success": false, "command_wall_clock_time": 0.069534875, "process_in_blocks": "0", "process_kernel_time": 0.202751, "process_mem_max_rss": "148078592", "process_out_blocks": "0", "process_user_time": 1.294318}
[0m13:54:20.061535 [debug] [MainThread]: Command `dbt run` failed at 13:54:20.061482 after 0.07 seconds
[0m13:54:20.061732 [debug] [MainThread]: Sending event: {'category': 'dbt', 'action': 'invocation', 'label': 'end', 'context': [<snowplow_tracker.self_describing_json.SelfDescribingJson object at 0x10b1f9f30>, <snowplow_tracker.self_describing_json.SelfDescribingJson object at 0x10b2170b0>, <snowplow_tracker.self_describing_json.SelfDescribingJson object at 0x10b2fc7c0>]}
[0m13:54:20.061910 [debug] [MainThread]: Flushing usage events
[0m13:54:24.172208 [debug] [MainThread]: An error was encountered while trying to flush usage events
